====== dataset: nytimes, R: 8, L: 200, alpha: 1.2, num_threads: 8 ======
Reading (with alignment) bin file ./nytimes/query.fbin ...Metadata: #pts = 10000, #dims = 256, aligned_dim = 256... allocating aligned memory of 10240000 bytes... done. Copying data to mem_aligned buffer... done.
Opened: ./nytimes/gt100, size: 8000008, cache_size: 8000008
Reading truthset file ./nytimes/gt100 ...
Metadata: #pts = 10000, #dims = 100... 
Inner product: Using AVX2 implementation AVXDistanceInnerProductFloat
Resizing took: 0.00991435s
From graph header, expected_file_size: 10438176, _max_observed_degree: 8, _start: 938, file_frozen_pts: 0
Loading vamana graph nytimes/index_R8_L200_A1.2...done. Index has 290000 nodes and 2319538 out-edges, _start is set to 938
Num frozen points:0 _nd: 290000 _start: 938 size(_location_to_tag): 0 size(_tag_to_location):0 Max points: 290000
Index loaded
Using 128 threads to search
  Ls         QPS     Avg dist cmps  Mean Latency (mus)   99.9 Latency  Recall@100
=================================================================================
 200    80132.73           1177.75             1448.75       10164.42       56.18
Done searching. Now saving results 
Writing bin: ./nytimes/_200_idx_uint32.bin
bin: #pts = 10000, #dims = 100, size = 4000008B
Finished writing bin.
Writing bin: ./nytimes/_200_dists_float.bin
bin: #pts = 10000, #dims = 100, size = 4000008B
Finished writing bin.
====== dataset: nytimes, R: 16, L: 200, alpha: 1.2, num_threads: 8 ======
Reading (with alignment) bin file ./nytimes/query.fbin ...Metadata: #pts = 10000, #dims = 256, aligned_dim = 256... allocating aligned memory of 10240000 bytes... done. Copying data to mem_aligned buffer... done.
Opened: ./nytimes/gt100, size: 8000008, cache_size: 8000008
Reading truthset file ./nytimes/gt100 ...
Metadata: #pts = 10000, #dims = 100... 
Inner product: Using AVX2 implementation AVXDistanceInnerProductFloat
Resizing took: 0.0095415s
From graph header, expected_file_size: 19691768, _max_observed_degree: 16, _start: 938, file_frozen_pts: 0
Loading vamana graph nytimes/index_R16_L200_A1.2...done. Index has 290000 nodes and 4632936 out-edges, _start is set to 938
Num frozen points:0 _nd: 290000 _start: 938 size(_location_to_tag): 0 size(_tag_to_location):0 Max points: 290000
Index loaded
Using 128 threads to search
  Ls         QPS     Avg dist cmps  Mean Latency (mus)   99.9 Latency  Recall@100
=================================================================================
 200    47109.77           2208.32             2435.03       13368.85       72.54
Done searching. Now saving results 
Writing bin: ./nytimes/_200_idx_uint32.bin
bin: #pts = 10000, #dims = 100, size = 4000008B
Finished writing bin.
Writing bin: ./nytimes/_200_dists_float.bin
bin: #pts = 10000, #dims = 100, size = 4000008B
Finished writing bin.
====== dataset: nytimes, R: 24, L: 200, alpha: 1.2, num_threads: 8 ======
Reading (with alignment) bin file ./nytimes/query.fbin ...Metadata: #pts = 10000, #dims = 256, aligned_dim = 256... allocating aligned memory of 10240000 bytes... done. Copying data to mem_aligned buffer... done.
Opened: ./nytimes/gt100, size: 8000008, cache_size: 8000008
Reading truthset file ./nytimes/gt100 ...
Metadata: #pts = 10000, #dims = 100... 
Inner product: Using AVX2 implementation AVXDistanceInnerProductFloat
Resizing took: 0.00934176s
From graph header, expected_file_size: 28874504, _max_observed_degree: 24, _start: 938, file_frozen_pts: 0
Loading vamana graph nytimes/index_R24_L200_A1.2...done. Index has 290000 nodes and 6928620 out-edges, _start is set to 938
Num frozen points:0 _nd: 290000 _start: 938 size(_location_to_tag): 0 size(_tag_to_location):0 Max points: 290000
Index loaded
Using 128 threads to search
  Ls         QPS     Avg dist cmps  Mean Latency (mus)   99.9 Latency  Recall@100
=================================================================================
 200    31851.05           3221.31             3851.37       15395.92       77.34
Done searching. Now saving results 
Writing bin: ./nytimes/_200_idx_uint32.bin
bin: #pts = 10000, #dims = 100, size = 4000008B
Finished writing bin.
Writing bin: ./nytimes/_200_dists_float.bin
bin: #pts = 10000, #dims = 100, size = 4000008B
Finished writing bin.
====== dataset: nytimes, R: 32, L: 200, alpha: 1.2, num_threads: 8 ======
Reading (with alignment) bin file ./nytimes/query.fbin ...Metadata: #pts = 10000, #dims = 256, aligned_dim = 256... allocating aligned memory of 10240000 bytes... done. Copying data to mem_aligned buffer... done.
Opened: ./nytimes/gt100, size: 8000008, cache_size: 8000008
Reading truthset file ./nytimes/gt100 ...
Metadata: #pts = 10000, #dims = 100... 
Inner product: Using AVX2 implementation AVXDistanceInnerProductFloat
Resizing took: 0.00944055s
From graph header, expected_file_size: 37943508, _max_observed_degree: 32, _start: 938, file_frozen_pts: 0
Loading vamana graph nytimes/index_R32_L200_A1.2...done. Index has 290000 nodes and 9195871 out-edges, _start is set to 938
Num frozen points:0 _nd: 290000 _start: 938 size(_location_to_tag): 0 size(_tag_to_location):0 Max points: 290000
Index loaded
Using 128 threads to search
  Ls         QPS     Avg dist cmps  Mean Latency (mus)   99.9 Latency  Recall@100
=================================================================================
 200    26942.75           4201.59             4593.87       17590.56       80.13
Done searching. Now saving results 
Writing bin: ./nytimes/_200_idx_uint32.bin
bin: #pts = 10000, #dims = 100, size = 4000008B
Finished writing bin.
Writing bin: ./nytimes/_200_dists_float.bin
bin: #pts = 10000, #dims = 100, size = 4000008B
Finished writing bin.
====== dataset: nytimes, R: 48, L: 200, alpha: 1.2, num_threads: 8 ======
Reading (with alignment) bin file ./nytimes/query.fbin ...Metadata: #pts = 10000, #dims = 256, aligned_dim = 256... allocating aligned memory of 10240000 bytes... done. Copying data to mem_aligned buffer... done.
Opened: ./nytimes/gt100, size: 8000008, cache_size: 8000008
Reading truthset file ./nytimes/gt100 ...
Metadata: #pts = 10000, #dims = 100... 
Inner product: Using AVX2 implementation AVXDistanceInnerProductFloat
Resizing took: 0.0097057s
From graph header, expected_file_size: 55624964, _max_observed_degree: 48, _start: 938, file_frozen_pts: 0
Loading vamana graph nytimes/index_R48_L200_A1.2...done. Index has 290000 nodes and 13616235 out-edges, _start is set to 938
Num frozen points:0 _nd: 290000 _start: 938 size(_location_to_tag): 0 size(_tag_to_location):0 Max points: 290000
Index loaded
Using 128 threads to search
  Ls         QPS     Avg dist cmps  Mean Latency (mus)   99.9 Latency  Recall@100
=================================================================================
 200    18571.12           6011.42             6412.37       22875.35       83.84
Done searching. Now saving results 
Writing bin: ./nytimes/_200_idx_uint32.bin
bin: #pts = 10000, #dims = 100, size = 4000008B
Finished writing bin.
Writing bin: ./nytimes/_200_dists_float.bin
bin: #pts = 10000, #dims = 100, size = 4000008B
Finished writing bin.
====== dataset: nytimes, R: 64, L: 200, alpha: 1.2, num_threads: 8 ======
Reading (with alignment) bin file ./nytimes/query.fbin ...Metadata: #pts = 10000, #dims = 256, aligned_dim = 256... allocating aligned memory of 10240000 bytes... done. Copying data to mem_aligned buffer... done.
Opened: ./nytimes/gt100, size: 8000008, cache_size: 8000008
Reading truthset file ./nytimes/gt100 ...
Metadata: #pts = 10000, #dims = 100... 
Inner product: Using AVX2 implementation AVXDistanceInnerProductFloat
Resizing took: 0.00974678s
From graph header, expected_file_size: 72559804, _max_observed_degree: 64, _start: 938, file_frozen_pts: 0
Loading vamana graph nytimes/index_R64_L200_A1.2...done. Index has 290000 nodes and 17849945 out-edges, _start is set to 938
Num frozen points:0 _nd: 290000 _start: 938 size(_location_to_tag): 0 size(_tag_to_location):0 Max points: 290000
Index loaded
Using 128 threads to search
  Ls         QPS     Avg dist cmps  Mean Latency (mus)   99.9 Latency  Recall@100
=================================================================================
 200    15587.85           7693.10             8054.66       31104.43       86.34
Done searching. Now saving results 
Writing bin: ./nytimes/_200_idx_uint32.bin
bin: #pts = 10000, #dims = 100, size = 4000008B
Finished writing bin.
Writing bin: ./nytimes/_200_dists_float.bin
bin: #pts = 10000, #dims = 100, size = 4000008B
Finished writing bin.
====== dataset: nytimes, R: 96, L: 200, alpha: 1.2, num_threads: 8 ======
Reading (with alignment) bin file ./nytimes/query.fbin ...Metadata: #pts = 10000, #dims = 256, aligned_dim = 256... allocating aligned memory of 10240000 bytes... done. Copying data to mem_aligned buffer... done.
Opened: ./nytimes/gt100, size: 8000008, cache_size: 8000008
Reading truthset file ./nytimes/gt100 ...
Metadata: #pts = 10000, #dims = 100... 
Inner product: Using AVX2 implementation AVXDistanceInnerProductFloat
Resizing took: 0.0111352s
From graph header, expected_file_size: 103766848, _max_observed_degree: 96, _start: 938, file_frozen_pts: 0
Loading vamana graph nytimes/index_R96_L200_A1.2...done. Index has 290000 nodes and 25651706 out-edges, _start is set to 938
Num frozen points:0 _nd: 290000 _start: 938 size(_location_to_tag): 0 size(_tag_to_location):0 Max points: 290000
Index loaded
Using 128 threads to search
  Ls         QPS     Avg dist cmps  Mean Latency (mus)   99.9 Latency  Recall@100
=================================================================================
 200    11742.17          10838.44            10704.06       40485.97       89.51
Done searching. Now saving results 
Writing bin: ./nytimes/_200_idx_uint32.bin
bin: #pts = 10000, #dims = 100, size = 4000008B
Finished writing bin.
Writing bin: ./nytimes/_200_dists_float.bin
bin: #pts = 10000, #dims = 100, size = 4000008B
Finished writing bin.
====== dataset: nytimes, R: 128, L: 200, alpha: 1.2, num_threads: 8 ======
Reading (with alignment) bin file ./nytimes/query.fbin ...Metadata: #pts = 10000, #dims = 256, aligned_dim = 256... allocating aligned memory of 10240000 bytes... done. Copying data to mem_aligned buffer... done.
Opened: ./nytimes/gt100, size: 8000008, cache_size: 8000008
Reading truthset file ./nytimes/gt100 ...
Metadata: #pts = 10000, #dims = 100... 
Inner product: Using AVX2 implementation AVXDistanceInnerProductFloat
Resizing took: 0.0096136s
From graph header, expected_file_size: 129936572, _max_observed_degree: 128, _start: 938, file_frozen_pts: 0
Loading vamana graph nytimes/index_R128_L200_A1.2...done. Index has 290000 nodes and 32194137 out-edges, _start is set to 938
Num frozen points:0 _nd: 290000 _start: 938 size(_location_to_tag): 0 size(_tag_to_location):0 Max points: 290000
Index loaded
Using 128 threads to search
  Ls         QPS     Avg dist cmps  Mean Latency (mus)   99.9 Latency  Recall@100
=================================================================================
 200     9565.11          13563.54            13214.70       45289.20       91.38
Done searching. Now saving results 
Writing bin: ./nytimes/_200_idx_uint32.bin
bin: #pts = 10000, #dims = 100, size = 4000008B
Finished writing bin.
Writing bin: ./nytimes/_200_dists_float.bin
bin: #pts = 10000, #dims = 100, size = 4000008B
Finished writing bin.
